============================= test session starts =============================
platform win32 -- Python 3.11.11, pytest-9.0.1, pluggy-1.6.0 -- F:\Study\Code\git\Lia-assignment\backend\.venv\Scripts\python.exe
cachedir: .pytest_cache
rootdir: F:\Study\Code\git\Lia-assignment\backend
configfile: pyproject.toml
plugins: anyio-4.12.0, asyncio-1.3.0, cov-7.0.0
asyncio: mode=Mode.AUTO, debug=False, asyncio_default_fixture_loop_scope=None, asyncio_default_test_loop_scope=function
collecting ... collected 220 items

tests/test_auth.py::TestAuthRegister::test_register_success PASSED       [  0%]
